// Jest Snapshot v1, https://goo.gl/fbAQLP

exports[`should render SubmitButton correctly 1`] = `
<div>
  <button
    className="button"
    onClick={[Function]}
    type="submit"
  >
    Search
  </button>
</div>
`;
